// Jest Snapshot v1, https://goo.gl/fbAQLP

exports[`"coffeeScriptOptions" option should work: errors 1`] = `Array []`;

exports[`"coffeeScriptOptions" option should work: result 1`] = `
Object {
  "cubes": Array [
    1,
    8,
    27,
    64,
    125,
  ],
  "list": Array [
    1,
    2,
    3,
    4,
    5,
  ],
  "local": Object {
    "default": [Function],
  },
  "math": Object {
    "cube": [Function],
    "root": [Function],
    "square": [Function],
  },
  "number": -42,
  "opposite": true,
  "race": [Function],
  "square": [Function],
}
`;

exports[`"coffeeScriptOptions" option should work: warnings 1`] = `Array []`;
