// Jest Snapshot v1, https://goo.gl/fbAQLP

exports[`loader should generate an error on broken code: errors 1`] = `
Array [
  "ModuleBuildError: Module build failed (from /src/index.js):
/test/fixtures/broken.coffee:1:9: error: unexpected ;",
]
`;

exports[`loader should generate an error on broken code: warnings 1`] = `Array []`;

exports[`loader should work and generate source maps (take value from the \`compiler.devtool\` option): errors 1`] = `Array []`;

exports[`loader should work and generate source maps (take value from the \`compiler.devtool\` option): result 1`] = `
Object {
  "cubes": Array [
    1,
    8,
    27,
    64,
    125,
  ],
  "list": Array [
    1,
    2,
    3,
    4,
    5,
  ],
  "local": Object {
    "default": [Function],
  },
  "math": Object {
    "cube": [Function],
    "root": [Function],
    "square": [Function],
  },
  "number": -42,
  "opposite": true,
  "race": [Function],
  "square": [Function],
}
`;

exports[`loader should work and generate source maps (take value from the \`compiler.devtool\` option): warnings 1`] = `Array []`;

exports[`loader should work and generate source maps (take value from the \`sourceMap\` option): errors 1`] = `Array []`;

exports[`loader should work and generate source maps (take value from the \`sourceMap\` option): result 1`] = `
Object {
  "cubes": Array [
    1,
    8,
    27,
    64,
    125,
  ],
  "list": Array [
    1,
    2,
    3,
    4,
    5,
  ],
  "local": Object {
    "default": [Function],
  },
  "math": Object {
    "cube": [Function],
    "root": [Function],
    "square": [Function],
  },
  "number": -42,
  "opposite": true,
  "race": [Function],
  "square": [Function],
}
`;

exports[`loader should work and generate source maps (take value from the \`sourceMap\` option): warnings 1`] = `Array []`;

exports[`loader should work and generate source maps (the \`sourceMap\` option prefer over the \`compiler.devtool\` option): errors 1`] = `Array []`;

exports[`loader should work and generate source maps (the \`sourceMap\` option prefer over the \`compiler.devtool\` option): result 1`] = `
Object {
  "cubes": Array [
    1,
    8,
    27,
    64,
    125,
  ],
  "list": Array [
    1,
    2,
    3,
    4,
    5,
  ],
  "local": Object {
    "default": [Function],
  },
  "math": Object {
    "cube": [Function],
    "root": [Function],
    "square": [Function],
  },
  "number": -42,
  "opposite": true,
  "race": [Function],
  "square": [Function],
}
`;

exports[`loader should work and generate source maps (the \`sourceMap\` option prefer over the \`compiler.devtool\` option): warnings 1`] = `Array []`;

exports[`loader should work and not generate source maps (take value from the \`compiler.devtool\` option): errors 1`] = `Array []`;

exports[`loader should work and not generate source maps (take value from the \`compiler.devtool\` option): result 1`] = `
Object {
  "cubes": Array [
    1,
    8,
    27,
    64,
    125,
  ],
  "list": Array [
    1,
    2,
    3,
    4,
    5,
  ],
  "local": Object {
    "default": [Function],
  },
  "math": Object {
    "cube": [Function],
    "root": [Function],
    "square": [Function],
  },
  "number": -42,
  "opposite": true,
  "race": [Function],
  "square": [Function],
}
`;

exports[`loader should work and not generate source maps (take value from the \`compiler.devtool\` option): warnings 1`] = `Array []`;

exports[`loader should work and not generate source maps (take value from the \`sourceMap\` option): errors 1`] = `Array []`;

exports[`loader should work and not generate source maps (take value from the \`sourceMap\` option): result 1`] = `
Object {
  "cubes": Array [
    1,
    8,
    27,
    64,
    125,
  ],
  "list": Array [
    1,
    2,
    3,
    4,
    5,
  ],
  "local": Object {
    "default": [Function],
  },
  "math": Object {
    "cube": [Function],
    "root": [Function],
    "square": [Function],
  },
  "number": -42,
  "opposite": true,
  "race": [Function],
  "square": [Function],
}
`;

exports[`loader should work and not generate source maps (take value from the \`sourceMap\` option): warnings 1`] = `Array []`;

exports[`loader should work and support CoffeeScript options: errors 1`] = `Array []`;

exports[`loader should work and support CoffeeScript options: result 1`] = `
Object {
  "cubes": Array [
    1,
    8,
    27,
    64,
    125,
  ],
  "list": Array [
    1,
    2,
    3,
    4,
    5,
  ],
  "local": Object {
    "default": [Function],
  },
  "math": Object {
    "cube": [Function],
    "root": [Function],
    "square": [Function],
  },
  "number": -42,
  "opposite": true,
  "race": [Function],
  "square": [Function],
}
`;

exports[`loader should work and support CoffeeScript options: warnings 1`] = `Array []`;

exports[`loader should work: errors 1`] = `Array []`;

exports[`loader should work: result 1`] = `
Object {
  "cubes": Array [
    1,
    8,
    27,
    64,
    125,
  ],
  "list": Array [
    1,
    2,
    3,
    4,
    5,
  ],
  "local": Object {
    "default": [Function],
  },
  "math": Object {
    "cube": [Function],
    "root": [Function],
    "square": [Function],
  },
  "number": -42,
  "opposite": true,
  "race": [Function],
  "square": [Function],
}
`;

exports[`loader should work: warnings 1`] = `Array []`;
