// Jest Snapshot v1, https://goo.gl/fbAQLP

exports[`validate options should throw an error on the "coffeeScriptOptions" option with "" value 1`] = `
"Invalid options object. CoffeeScript Loader has been initialized using an options object that does not match the API schema.
 - options.coffeeScriptOptions should be an object:
   object { … }
   -> Options for CoffeeScript (https://github.com/webpack-contrib/coffer-loader#coffeescriptoptions)."
`;

exports[`validate options should throw an error on the "coffeeScriptOptions" option with "false" value 1`] = `
"Invalid options object. CoffeeScript Loader has been initialized using an options object that does not match the API schema.
 - options.coffeeScriptOptions should be an object:
   object { … }
   -> Options for CoffeeScript (https://github.com/webpack-contrib/coffer-loader#coffeescriptoptions)."
`;

exports[`validate options should throw an error on the "sourceMap" option with "true" value 1`] = `
"Invalid options object. CoffeeScript Loader has been initialized using an options object that does not match the API schema.
 - options.sourceMap should be a boolean.
   -> Enables/Disables generation of source maps (https://github.com/webpack-contrib/coffer-loader#sourcemap)."
`;

exports[`validate options should throw an error on the "unknown" option with "/test/" value 1`] = `
"Invalid options object. CoffeeScript Loader has been initialized using an options object that does not match the API schema.
 - options has an unknown property 'unknown'. These properties are valid:
   object { sourceMap?, coffeeScriptOptions? }"
`;

exports[`validate options should throw an error on the "unknown" option with "[]" value 1`] = `
"Invalid options object. CoffeeScript Loader has been initialized using an options object that does not match the API schema.
 - options has an unknown property 'unknown'. These properties are valid:
   object { sourceMap?, coffeeScriptOptions? }"
`;

exports[`validate options should throw an error on the "unknown" option with "{"foo":"bar"}" value 1`] = `
"Invalid options object. CoffeeScript Loader has been initialized using an options object that does not match the API schema.
 - options has an unknown property 'unknown'. These properties are valid:
   object { sourceMap?, coffeeScriptOptions? }"
`;

exports[`validate options should throw an error on the "unknown" option with "{}" value 1`] = `
"Invalid options object. CoffeeScript Loader has been initialized using an options object that does not match the API schema.
 - options has an unknown property 'unknown'. These properties are valid:
   object { sourceMap?, coffeeScriptOptions? }"
`;

exports[`validate options should throw an error on the "unknown" option with "1" value 1`] = `
"Invalid options object. CoffeeScript Loader has been initialized using an options object that does not match the API schema.
 - options has an unknown property 'unknown'. These properties are valid:
   object { sourceMap?, coffeeScriptOptions? }"
`;

exports[`validate options should throw an error on the "unknown" option with "false" value 1`] = `
"Invalid options object. CoffeeScript Loader has been initialized using an options object that does not match the API schema.
 - options has an unknown property 'unknown'. These properties are valid:
   object { sourceMap?, coffeeScriptOptions? }"
`;

exports[`validate options should throw an error on the "unknown" option with "test" value 1`] = `
"Invalid options object. CoffeeScript Loader has been initialized using an options object that does not match the API schema.
 - options has an unknown property 'unknown'. These properties are valid:
   object { sourceMap?, coffeeScriptOptions? }"
`;

exports[`validate options should throw an error on the "unknown" option with "true" value 1`] = `
"Invalid options object. CoffeeScript Loader has been initialized using an options object that does not match the API schema.
 - options has an unknown property 'unknown'. These properties are valid:
   object { sourceMap?, coffeeScriptOptions? }"
`;
